// Jest Snapshot v1, https://goo.gl/fbAQLP

exports[`ProgressBar:: Snapshots Default 1`] = `
<div
  className="ProgressBar"
>
  <div
    className="ProgressBar__line"
  />
</div>
`;
